// Jest Snapshot v1, https://goo.gl/fbAQLP

exports[`Widget class mount should mount iframe for widget 1`] = `
"
      <iframe id=\\"endpass-widget\\" data-endpass=\\"widget-frame\\" style=\\"position: fixed;z-index: 99999999999999;width: 240px;height: 70px;border: none;border-radius: 4px;opacity: 0;transition: opacity 300ms ease-in;bottom: 15px;right: 15px;\\" src=\\"https://auth.foo.bar/public/widget\\"></iframe>
    "
`;

exports[`Widget class mount should mount iframe with given parameters 1`] = `
"
      <iframe id=\\"endpass-widget\\" data-endpass=\\"widget-frame\\" style=\\"position: fixed;z-index: 99999999999999;width: 240px;height: 70px;border: none;border-radius: 4px;opacity: 0;transition: opacity 300ms ease-in;top: 15px;left: 15px;\\" src=\\"https://auth.foo.bar/public/widget\\"></iframe>
    "
`;
