// Jest Snapshot v1, https://goo.gl/fbAQLP

exports[`CreateAccount render should correctly render CreateAccount component 1`] = `
<div>
  <message-stub>
    You have not any account. Create one and you will be logged in.
  </message-stub>
  <form-controls-stub>
    <v-button-stub type="primary" data-test="submit-button">
      Create account
    </v-button-stub>
  </form-controls-stub>
</div>
`;
