// Jest Snapshot v1, https://goo.gl/fbAQLP

exports[`Message render should correctly render Message component 1`] = `
<div>
  <form-field-stub>
    <message-stub data-test="form-message">foo</message-stub>
  </form-field-stub>
  <form-controls-stub>
    <v-button-stub disabled="true" data-test="cancel-button">Close</v-button-stub>
  </form-controls-stub>
</div>
`;
