// Jest Snapshot v1, https://goo.gl/fbAQLP

exports[`GoogleAuthButton render should correctly render GoogleAuthButton component empty if auth2 isn't loaded 1`] = `
<label class="form-field">
  <!---->
  <div class="form-field__content"></div>
</label>
`;

exports[`GoogleAuthButton render should correctly render GoogleAuthButton component if auth2 is loaded 1`] = `
<label class="form-field">
  <!---->
  <div class="form-field__content"></div>
</label>
`;
